../../TouchGFX/generated/fonts/include/fonts/ApplicationFontProvider.hpp:29:7:ApplicationFontProvider::~ApplicationFontProvider()	0	static
../../TouchGFX/generated/fonts/include/fonts/ApplicationFontProvider.hpp:29:7:virtual ApplicationFontProvider::~ApplicationFontProvider()	8	static
D:/githubspace/rtosStm32f746/RtosIsFun_V2.02/RtosIsFun/MyApplication/TouchGFX/generated/fonts/src/ApplicationFontProvider.cpp:8:17:virtual touchgfx::Font* ApplicationFontProvider::getFont(touchgfx::FontId)	8	static
