D:/githubspace/rtosStm32f746/RtosIsFun_V2.02/RtosIsFun/MyApplication/TouchGFX/gui/src/model/Model.cpp:13:1:Model::Model()	0	static
D:/githubspace/rtosStm32f746/RtosIsFun_V2.02/RtosIsFun/MyApplication/TouchGFX/gui/src/model/Model.cpp:18:6:void Model::tick()	0	static
D:/githubspace/rtosStm32f746/RtosIsFun_V2.02/RtosIsFun/MyApplication/TouchGFX/gui/src/model/Model.cpp:22:6:void Model::setPredictionLabel(const char*)	8	static
D:/githubspace/rtosStm32f746/RtosIsFun_V2.02/RtosIsFun/MyApplication/TouchGFX/gui/src/model/Model.cpp:8:17:void SetPredictionLabel(const char*)	0	static
D:/githubspace/rtosStm32f746/RtosIsFun_V2.02/RtosIsFun/MyApplication/TouchGFX/gui/src/model/Model.cpp:28:13:const char* Model::getPredictionLabel() const	0	static
D:/githubspace/rtosStm32f746/RtosIsFun_V2.02/RtosIsFun/MyApplication/TouchGFX/gui/src/model/Model.cpp:31:1:cpp)	0	static
