D:/githubspace/rtosStm32f746/RtosIsFun_V2.02/RtosIsFun/MyApplication/Core/Src/stm32f7xx_hal_msp.c:66:6:HAL_MspInit	8	static
D:/githubspace/rtosStm32f746/RtosIsFun_V2.02/RtosIsFun/MyApplication/Core/Src/stm32f7xx_hal_msp.c:91:6:HAL_CRC_MspInit	8	static
D:/githubspace/rtosStm32f746/RtosIsFun_V2.02/RtosIsFun/MyApplication/Core/Src/stm32f7xx_hal_msp.c:114:6:HAL_CRC_MspDeInit	0	static
D:/githubspace/rtosStm32f746/RtosIsFun_V2.02/RtosIsFun/MyApplication/Core/Src/stm32f7xx_hal_msp.c:136:6:HAL_DMA2D_MspInit	16	static
D:/githubspace/rtosStm32f746/RtosIsFun_V2.02/RtosIsFun/MyApplication/Core/Src/stm32f7xx_hal_msp.c:162:6:HAL_DMA2D_MspDeInit	0	static
D:/githubspace/rtosStm32f746/RtosIsFun_V2.02/RtosIsFun/MyApplication/Core/Src/stm32f7xx_hal_msp.c:187:6:HAL_I2C_MspInit	168	static
D:/githubspace/rtosStm32f746/RtosIsFun_V2.02/RtosIsFun/MyApplication/Core/Src/stm32f7xx_hal_msp.c:234:6:HAL_I2C_MspDeInit	8	static
D:/githubspace/rtosStm32f746/RtosIsFun_V2.02/RtosIsFun/MyApplication/Core/Src/stm32f7xx_hal_msp.c:265:6:HAL_LTDC_MspInit	192	static
D:/githubspace/rtosStm32f746/RtosIsFun_V2.02/RtosIsFun/MyApplication/Core/Src/stm32f7xx_hal_msp.c:383:6:HAL_LTDC_MspDeInit	8	static
D:/githubspace/rtosStm32f746/RtosIsFun_V2.02/RtosIsFun/MyApplication/Core/Src/stm32f7xx_hal_msp.c:452:6:HAL_QSPI_MspInit	64	static
D:/githubspace/rtosStm32f746/RtosIsFun_V2.02/RtosIsFun/MyApplication/Core/Src/stm32f7xx_hal_msp.c:516:6:HAL_QSPI_MspDeInit	8	static
D:/githubspace/rtosStm32f746/RtosIsFun_V2.02/RtosIsFun/MyApplication/Core/Src/stm32f7xx_hal_msp.c:553:6:HAL_TIM_Base_MspInit	8	static
D:/githubspace/rtosStm32f746/RtosIsFun_V2.02/RtosIsFun/MyApplication/Core/Src/stm32f7xx_hal_msp.c:580:6:HAL_TIM_MspPostInit	40	static
D:/githubspace/rtosStm32f746/RtosIsFun_V2.02/RtosIsFun/MyApplication/Core/Src/stm32f7xx_hal_msp.c:621:6:HAL_TIM_Base_MspDeInit	0	static
D:/githubspace/rtosStm32f746/RtosIsFun_V2.02/RtosIsFun/MyApplication/Core/Src/stm32f7xx_hal_msp.c:654:6:HAL_UART_MspInit	192	static
D:/githubspace/rtosStm32f746/RtosIsFun_V2.02/RtosIsFun/MyApplication/Core/Src/stm32f7xx_hal_msp.c:713:6:HAL_UART_MspDeInit	8	static
D:/githubspace/rtosStm32f746/RtosIsFun_V2.02/RtosIsFun/MyApplication/Core/Src/stm32f7xx_hal_msp.c:848:6:HAL_SDRAM_MspInit	48	static
D:/githubspace/rtosStm32f746/RtosIsFun_V2.02/RtosIsFun/MyApplication/Core/Src/stm32f7xx_hal_msp.c:934:6:HAL_SDRAM_MspDeInit	8	static
