../../Middlewares/ST/touchgfx/framework/include/touchgfx/Screen.hpp:104:18:virtual void touchgfx::Screen::afterTransition()	0	static
../../Middlewares/ST/touchgfx/framework/include/touchgfx/Screen.hpp:154:18:virtual void touchgfx::Screen::handleKeyEvent(uint8_t)	0	static
D:/githubspace/rtosStm32f746/RtosIsFun_V2.02/RtosIsFun/MyApplication/TouchGFX/gui/src/screen1_screen/Screen1View.cpp:17:6:virtual void Screen1View::tearDownScreen()	0	static
D:/githubspace/rtosStm32f746/RtosIsFun_V2.02/RtosIsFun/MyApplication/TouchGFX/gui/src/screen1_screen/Screen1View.cpp:22:6:virtual void Screen1View::onButtonPressed()	16	static
../../TouchGFX/gui/include/gui/screen1_screen/Screen1View.hpp:11:13:Screen1View::~Screen1View()	8	static
../../TouchGFX/gui/include/gui/screen1_screen/Screen1View.hpp:11:13:virtual Screen1View::~Screen1View()	8	static
D:/githubspace/rtosStm32f746/RtosIsFun_V2.02/RtosIsFun/MyApplication/TouchGFX/gui/src/screen1_screen/Screen1View.cpp:7:1:Screen1View::Screen1View()	8	static
D:/githubspace/rtosStm32f746/RtosIsFun_V2.02/RtosIsFun/MyApplication/TouchGFX/gui/src/screen1_screen/Screen1View.cpp:12:6:virtual void Screen1View::setupScreen()	0	static
D:/githubspace/rtosStm32f746/RtosIsFun_V2.02/RtosIsFun/MyApplication/TouchGFX/gui/src/screen1_screen/Screen1View.cpp:28:6:void Screen1View::updatePredictionLabel(const char*)	8	static
